// Jest Snapshot v1, https://goo.gl/fbAQLP

exports[`renders correctly 1`] = `
<div
  class="main-sigin"
>
  <div
    className="d-lg-flex half "
  >
    <div
      className="bg order-2 order-md-1 login-i left"
    >
      <img
        className="login-i "
        width="100%"
      />
    </div>
    <div
      className="contents order-1 order-md-2 "
    >
      <div
        className="container"
      >
        <div
          className="row align-items-center justify-content-center"
        >
          <div
            className="col-md-7"
          >
            <div
              className="mb-4"
            >
              <h3>
                Sign In
              </h3>
            </div>
            <div
              className="form-group first frm-log"
            >
              <label
                className="label"
                htmlFor="username"
              >
                Email
              </label>
              <input
                className="form-control"
                id="email"
                onChange={[Function]}
                type="text"
              />
            </div>
            <br />
            <div
              className="form-group first frm-log"
            >
              <label
                className="label"
                htmlFor="username"
              >
                Username
              </label>
              <input
                className="form-control"
                id="username"
                onChange={[Function]}
                type="text"
              />
            </div>
            <br />
            <div
              className="form-group frm-log"
            >
              <label
                className="label"
                htmlFor="password"
              >
                Password
                <i
                  className="far fa-question-circle title-i"
                  id="password"
                  onClick={[Function]}
                />
              </label>
              <input
                className="form-control"
                id="password"
                onChange={[Function]}
                type="password"
              />
            </div>
            <br />
            <div
              className="form-group frm-log"
            >
              <label
                className="label"
                htmlFor="password2"
              >
                Confirm Password
              </label>
              <input
                className="form-control"
                id="password2"
                onChange={[Function]}
                type="password"
              />
            </div>
            <br />
            <div
              className="custom-control custom-checkbox"
            >
              <input
                className="custom-control-input"
                id="defaultUnchecked"
                onChange={[Function]}
                type="checkbox"
              />
              <label
                className="custom-control-label"
                htmlFor="defaultUnchecked"
              >
                <span
                  className="caption"
                >
                  I accept the
                   
                  <a
                    href="#"
                    onClick={[Function]}
                    style={
                      Object {
                        "color": "#42D0ED",
                        "textDecoration": "none",
                      }
                    }
                  >
                    terms and condition
                  </a>
                   
                  and
                   
                  <a
                    href="#"
                    onClick={[Function]}
                    style={
                      Object {
                        "color": "#42D0ED",
                        "textDecoration": "none",
                      }
                    }
                  >
                    private policy
                  </a>
                </span>
              </label>
            </div>
            <div
              className="signin-btn"
            >
              <button
                className="btn btn-block btn-primary btn-lg font-weight-medium auth-form-btn btn btn-info btn-block"
                disabled={false}
                onClick={[Function]}
                type="submit"
              >
                Create Account
              </button>
            </div>
          </div>
        </div>
      </div>
    </div>
  </div>
</div>
`;
