// Jest Snapshot v1, https://goo.gl/fbAQLP

exports[`renders correctly 1`] = `
<div
  className="main-login"
>
  <div
    className="d-lg-flex half "
  >
    <div
      className="bg order-2 order-md-1 login-i"
    >
      <img
        className="login-i "
        width="100%"
      />
    </div>
    <div
      className="contents order-1 order-md-2 log-form "
    >
      <div
        className="container"
      >
        <div
          className="row align-items-center justify-content-center"
        >
          <div
            className="col-md-7"
          >
            <div
              className="mb-4"
            >
              <h3>
                Log In
              </h3>
            </div>
            <div
              className="form-group first frm-log"
            >
              <label
                className="label"
                htmlFor="username"
              >
                Username or Email
              </label>
              <input
                className="form-control"
                id="username"
                onChange={[Function]}
                type="text"
              />
            </div>
            <br />
            <div
              className="form-group frm-log last mb-3"
            >
              <label
                className="label"
                htmlFor="password"
              >
                Password
              </label>
              <input
                className="form-control"
                id="password"
                onChange={[Function]}
                type="password"
              />
            </div>
            <div
              className="d-flex mb-5 align-items-center"
            >
              <span
                className="ml-auto"
              >
                <a
                  className="forgot-pass"
                  onClick={[Function]}
                >
                  Forgot Password
                </a>
              </span>
            </div>
            <button
              className="btn btn-block btn-primary btn-lg font-weight-medium auth-form-btn btn btn-info btn-block"
              disabled={false}
              onClick={[Function]}
              type="submit"
            >
              Login
            </button>
            <span
              className="d-block text-center my-4 text-muted"
            >
              — or —
            </span>
            <div />
          </div>
        </div>
      </div>
    </div>
  </div>
</div>
`;
